TOKEN_PRINT
TOKEN_STRING: hello.
TOKEN_IN
TOKEN_PRINT
TOKEN_STRING: 1
TOKEN_IN
TOKEN_PRINT
TOKEN_STRING: 12
TOKEN_IN
TOKEN_PRINT
TOKEN_STRING: 123
TOKEN_IN
TOKEN_PRINT
TOKEN_STRING: 222
TOKEN_IN
TOKEN_PRINT
TOKEN_INT: 0
TOKEN_IN
TOKEN_PRINT
TOKEN_INT: 123
TOKEN_IN
TOKEN_PRINT
TOKEN_NIL
TOKEN_IN
TOKEN_PRINT
TOKEN_STRING: variable
TOKEN_IN
TOKEN_LET
TOKEN_IDENTIFIER: printletinvariable
TOKEN_EQ
TOKEN_INT: 2
TOKEN_IN
TOKEN_MINUS
TOKEN_MINUS
TOKEN_MINUS
TOKEN_LET
TOKEN_IDENTIFIER: names
TOKEN_EQ
TOKEN_INT: 1
TOKEN_CONS
TOKEN_INT: 2
TOKEN_CONS
TOKEN_INT: 22
TOKEN_CONS
TOKEN_INT: 34
TOKEN_IN
TOKEN_FUN
TOKEN_IDENTIFIER: p
TOKEN_WITH
TOKEN_IDENTIFIER: n
TOKEN_EQ
TOKEN_IF
TOKEN_ISNIL
TOKEN_IDENTIFIER: n
TOKEN_AND
TOKEN_IDENTIFIER: n
TOKEN_GEQ
TOKEN_INT: 4
TOKEN_THEN
TOKEN_NIL
TOKEN_ELSE
TOKEN_LET
TOKEN_IDENTIFIER: _
TOKEN_EQ
TOKEN_PRINT
TOKEN_HD
TOKEN_IDENTIFIER: n
TOKEN_IN
TOKEN_LPAREN
TOKEN_IF
TOKEN_IDENTIFIER: n
TOKEN_LT
TOKEN_INT: 2
TOKEN_OR
TOKEN_IDENTIFIER: n
TOKEN_EQ
TOKEN_INT: 22
TOKEN_THEN
TOKEN_LPAREN
TOKEN_IDENTIFIER: p
TOKEN_INT: 3
TOKEN_RPAREN
TOKEN_ELSE
TOKEN_LPAREN
TOKEN_IDENTIFIER: p
TOKEN_TL
TOKEN_IDENTIFIER: n
TOKEN_RPAREN
TOKEN_RPAREN
TOKEN_IN
TOKEN_LET
TOKEN_IDENTIFIER: m
TOKEN_EQ
TOKEN_LPAREN
TOKEN_IDENTIFIER: p
TOKEN_IDENTIFIER: names
TOKEN_RPAREN
TOKEN_IN
TOKEN_MINUS
TOKEN_MINUS
TOKEN_MINUS
TOKEN_LET
TOKEN_IDENTIFIER: lam2
TOKEN_EQ
TOKEN_LAMBDA
TOKEN_IDENTIFIER: x
TOKEN_COMMA
TOKEN_IDENTIFIER: y
TOKEN_DOT
TOKEN_LPAREN
TOKEN_IDENTIFIER: x
TOKEN_TIMES
TOKEN_IDENTIFIER: y
TOKEN_RPAREN
TOKEN_IN
TOKEN_LET
TOKEN_IDENTIFIER: num
TOKEN_EQ
TOKEN_LPAREN
TOKEN_IDENTIFIER: lam2
TOKEN_INT: 2
TOKEN_INT: 4
TOKEN_RPAREN
TOKEN_IN
TOKEN_LET
TOKEN_MINUS
TOKEN_EQ
TOKEN_PRINT
TOKEN_IDENTIFIER: num
TOKEN_IN
TOKEN_MINUS
TOKEN_MINUS
TOKEN_MINUS
TOKEN_LET
TOKEN_IDENTIFIER: Y
TOKEN_EQ
TOKEN_LAMBDA
TOKEN_IDENTIFIER: g
TOKEN_DOT
TOKEN_LPAREN
TOKEN_LPAREN
TOKEN_LAMBDA
TOKEN_IDENTIFIER: x
TOKEN_DOT
TOKEN_LPAREN
TOKEN_IDENTIFIER: g
TOKEN_LPAREN
TOKEN_IDENTIFIER: x
TOKEN_IDENTIFIER: x
TOKEN_RPAREN
TOKEN_RPAREN
TOKEN_RPAREN
TOKEN_LPAREN
TOKEN_LAMBDA
TOKEN_IDENTIFIER: x
TOKEN_DOT
TOKEN_LPAREN
TOKEN_IDENTIFIER: g
TOKEN_LPAREN
TOKEN_IDENTIFIER: x
TOKEN_IDENTIFIER: x
TOKEN_RPAREN
TOKEN_RPAREN
TOKEN_RPAREN
TOKEN_RPAREN
TOKEN_IN
TOKEN_FUN
TOKEN_IDENTIFIER: printer
TOKEN_WITH
TOKEN_IDENTIFIER: grades
TOKEN_EQ
TOKEN_IF
TOKEN_ISNIL
TOKEN_TL
TOKEN_IDENTIFIER: grades
TOKEN_THEN
TOKEN_INT: 0
TOKEN_ELSE
TOKEN_LET
TOKEN_IDENTIFIER: con
TOKEN_EQ
TOKEN_LPAREN
TOKEN_IF
TOKEN_ISNIL
TOKEN_LPAREN
TOKEN_TL
TOKEN_LPAREN
TOKEN_TL
TOKEN_IDENTIFIER: grades
TOKEN_RPAREN
TOKEN_RPAREN
TOKEN_THEN
TOKEN_IDENTIFIER: grades
TOKEN_ELSE
TOKEN_HD
TOKEN_IDENTIFIER: grades
TOKEN_RPAREN
TOKEN_IN
TOKEN_LET
TOKEN_IDENTIFIER: _
TOKEN_EQ
TOKEN_PRINT
TOKEN_LPAREN
TOKEN_HD
TOKEN_IDENTIFIER: con
TOKEN_RPAREN
TOKEN_IN
TOKEN_LET
TOKEN_IDENTIFIER: _
TOKEN_EQ
TOKEN_PRINT
TOKEN_LPAREN
TOKEN_TL
TOKEN_IDENTIFIER: con
TOKEN_RPAREN
TOKEN_IN
TOKEN_LPAREN
TOKEN_IDENTIFIER: printer
TOKEN_TL
TOKEN_IDENTIFIER: grades
TOKEN_RPAREN
TOKEN_MINUS
TOKEN_MINUS
TOKEN_MINUS
TOKEN_FUN
TOKEN_IDENTIFIER: accumalate
TOKEN_WITH
TOKEN_IDENTIFIER: integers
TOKEN_EQ
TOKEN_LPAREN
TOKEN_LET
TOKEN_IDENTIFIER: F
TOKEN_EQ
TOKEN_LAMBDA
TOKEN_IDENTIFIER: z
TOKEN_DOT
TOKEN_LAMBDA
TOKEN_IDENTIFIER: n
TOKEN_DOT
TOKEN_LPAREN
TOKEN_IF
TOKEN_ISNIL
TOKEN_IDENTIFIER: n
TOKEN_THEN
TOKEN_INT: 0
TOKEN_ELSE
TOKEN_HD
TOKEN_IDENTIFIER: n
TOKEN_PLUS
TOKEN_LPAREN
TOKEN_IDENTIFIER: z
TOKEN_LPAREN
TOKEN_TL
TOKEN_IDENTIFIER: n
TOKEN_RPAREN
TOKEN_RPAREN
TOKEN_RPAREN
TOKEN_IN
TOKEN_LPAREN
TOKEN_IDENTIFIER: Y
TOKEN_IDENTIFIER: F
TOKEN_IDENTIFIER: integers
TOKEN_RPAREN
TOKEN_RPAREN
TOKEN_IN
TOKEN_FUN
TOKEN_IDENTIFIER: heavy
TOKEN_WITH
TOKEN_IDENTIFIER: l1
TOKEN_COMMA
TOKEN_IDENTIFIER: l2
TOKEN_EQ
TOKEN_IF
TOKEN_ISNIL
TOKEN_IDENTIFIER: l1
TOKEN_THEN
TOKEN_NIL
TOKEN_ELSE
TOKEN_LET
TOKEN_IDENTIFIER: v
TOKEN_EQ
TOKEN_LPAREN
TOKEN_LPAREN
TOKEN_HD
TOKEN_IDENTIFIER: l1
TOKEN_RPAREN
TOKEN_TIMES
TOKEN_LPAREN
TOKEN_HD
TOKEN_IDENTIFIER: l2
TOKEN_RPAREN
TOKEN_RPAREN
TOKEN_IN
TOKEN_LPAREN
TOKEN_IDENTIFIER: v
TOKEN_CONS
TOKEN_LPAREN
TOKEN_IDENTIFIER: heavy
TOKEN_LPAREN
TOKEN_TL
TOKEN_IDENTIFIER: l1
TOKEN_RPAREN
TOKEN_LPAREN
TOKEN_TL
TOKEN_IDENTIFIER: l2
TOKEN_RPAREN
TOKEN_RPAREN
TOKEN_RPAREN
TOKEN_IN
TOKEN_FUN
TOKEN_IDENTIFIER: read_nums
TOKEN_WITH
TOKEN_IDENTIFIER: limit
TOKEN_COMMA
TOKEN_IDENTIFIER: prompt
TOKEN_EQ
TOKEN_IF
TOKEN_IDENTIFIER: limit
TOKEN_EQ
TOKEN_INT: 0
TOKEN_THEN
TOKEN_NIL
TOKEN_ELSE
TOKEN_LET
TOKEN_IDENTIFIER: _
TOKEN_EQ
TOKEN_PRINT
TOKEN_IDENTIFIER: prompt
TOKEN_IN
TOKEN_LET
TOKEN_IDENTIFIER: val
TOKEN_EQ
TOKEN_READINT
TOKEN_IN
TOKEN_LET
TOKEN_IDENTIFIER: test
TOKEN_EQ
TOKEN_LPAREN
TOKEN_IF
TOKEN_LPAREN
TOKEN_LPAREN
TOKEN_IDENTIFIER: val
TOKEN_LT
TOKEN_INT: 0
TOKEN_RPAREN
TOKEN_OR
TOKEN_LPAREN
TOKEN_IDENTIFIER: val
TOKEN_GT
TOKEN_INT: 100
TOKEN_RPAREN
TOKEN_RPAREN
TOKEN_THEN
TOKEN_LET
TOKEN_IDENTIFIER: _
TOKEN_EQ
TOKEN_PRINT
TOKEN_STRING: Input out of range
TOKEN_IN
TOKEN_LPAREN
TOKEN_IDENTIFIER: read_nums
TOKEN_INT: 1
TOKEN_IDENTIFIER: prompt
TOKEN_RPAREN
TOKEN_ELSE
TOKEN_IDENTIFIER: val
TOKEN_RPAREN
TOKEN_IN
TOKEN_IDENTIFIER: test
TOKEN_CONS
TOKEN_LPAREN
TOKEN_IDENTIFIER: read_nums
TOKEN_LPAREN
TOKEN_IDENTIFIER: limit
TOKEN_MINUS
TOKEN_INT: 1
TOKEN_RPAREN
TOKEN_IDENTIFIER: prompt
TOKEN_RPAREN
TOKEN_MINUS
TOKEN_MINUS
TOKEN_MINUS
TOKEN_FUN
TOKEN_IDENTIFIER: student
TOKEN_WITH
TOKEN_IDENTIFIER: assignments
TOKEN_COMMA
TOKEN_IDENTIFIER: w
TOKEN_EQ
TOKEN_LET
TOKEN_IDENTIFIER: _
TOKEN_EQ
TOKEN_PRINT
TOKEN_STRING: Please enter the name of the student:
TOKEN_IN
TOKEN_LET
TOKEN_IDENTIFIER: name
TOKEN_EQ
TOKEN_READSTRING
TOKEN_IN
TOKEN_LET
TOKEN_IDENTIFIER: grades
TOKEN_EQ
TOKEN_LPAREN
TOKEN_IDENTIFIER: read_nums
TOKEN_IDENTIFIER: assignments
TOKEN_STRING: Please enter a grade of the student:
TOKEN_RPAREN
TOKEN_IN
TOKEN_LET
TOKEN_IDENTIFIER: s
TOKEN_EQ
TOKEN_LPAREN
TOKEN_IDENTIFIER: accumalate
TOKEN_LPAREN
TOKEN_IDENTIFIER: heavy
TOKEN_IDENTIFIER: grades
TOKEN_IDENTIFIER: w
TOKEN_RPAREN
TOKEN_RPAREN
TOKEN_IN
TOKEN_LPAREN
TOKEN_IDENTIFIER: name
TOKEN_CONS
TOKEN_LPAREN
TOKEN_IF
TOKEN_IDENTIFIER: s
TOKEN_LT
TOKEN_INT: 100
TOKEN_THEN
TOKEN_INT: 0
TOKEN_ELSE
TOKEN_LPAREN
TOKEN_IDENTIFIER: s
TOKEN_DIVIDE
TOKEN_INT: 100
TOKEN_RPAREN
TOKEN_RPAREN
TOKEN_RPAREN
TOKEN_MINUS
TOKEN_MINUS
TOKEN_MINUS
TOKEN_FUN
TOKEN_IDENTIFIER: insert
TOKEN_WITH
TOKEN_IDENTIFIER: l1
TOKEN_COMMA
TOKEN_IDENTIFIER: l2
TOKEN_EQ
TOKEN_IF
TOKEN_ISNIL
TOKEN_IDENTIFIER: l2
TOKEN_THEN
TOKEN_IDENTIFIER: l1
TOKEN_ELSE
TOKEN_LET
TOKEN_IDENTIFIER: con
TOKEN_EQ
TOKEN_LPAREN
TOKEN_IF
TOKEN_ISNIL
TOKEN_LPAREN
TOKEN_TL
TOKEN_LPAREN
TOKEN_TL
TOKEN_IDENTIFIER: l2
TOKEN_RPAREN
TOKEN_RPAREN
TOKEN_THEN
TOKEN_IDENTIFIER: l2
TOKEN_ELSE
TOKEN_HD
TOKEN_IDENTIFIER: l2
TOKEN_RPAREN
TOKEN_IN
TOKEN_LPAREN
TOKEN_IF
TOKEN_LPAREN
TOKEN_TL
TOKEN_IDENTIFIER: l1
TOKEN_RPAREN
TOKEN_GEQ
TOKEN_LPAREN
TOKEN_TL
TOKEN_IDENTIFIER: con
TOKEN_RPAREN
TOKEN_THEN
TOKEN_LPAREN
TOKEN_IDENTIFIER: l1
TOKEN_CONS
TOKEN_IDENTIFIER: l2
TOKEN_RPAREN
TOKEN_ELSE
TOKEN_LET
TOKEN_IDENTIFIER: e
TOKEN_EQ
TOKEN_LPAREN
TOKEN_IF
TOKEN_ISNIL
TOKEN_LPAREN
TOKEN_TL
TOKEN_LPAREN
TOKEN_TL
TOKEN_IDENTIFIER: l2
TOKEN_RPAREN
TOKEN_RPAREN
TOKEN_THEN
TOKEN_NIL
TOKEN_ELSE
TOKEN_TL
TOKEN_IDENTIFIER: l2
TOKEN_RPAREN
TOKEN_IN
TOKEN_LPAREN
TOKEN_IDENTIFIER: con
TOKEN_CONS
TOKEN_LPAREN
TOKEN_IDENTIFIER: insert
TOKEN_IDENTIFIER: l1
TOKEN_IDENTIFIER: e
TOKEN_RPAREN
TOKEN_RPAREN
TOKEN_RPAREN
TOKEN_MINUS
TOKEN_MINUS
TOKEN_MINUS
TOKEN_FUN
TOKEN_IDENTIFIER: start
TOKEN_WITH
TOKEN_IDENTIFIER: v
TOKEN_COMMA
TOKEN_IDENTIFIER: w
TOKEN_COMMA
TOKEN_IDENTIFIER: avgs
TOKEN_EQ
TOKEN_LET
TOKEN_IDENTIFIER: grades
TOKEN_EQ
TOKEN_LPAREN
TOKEN_IDENTIFIER: student
TOKEN_IDENTIFIER: v
TOKEN_IDENTIFIER: w
TOKEN_RPAREN
TOKEN_IN
TOKEN_LET
TOKEN_IDENTIFIER: all
TOKEN_EQ
TOKEN_LPAREN
TOKEN_IDENTIFIER: insert
TOKEN_IDENTIFIER: grades
TOKEN_IDENTIFIER: avgs
TOKEN_RPAREN
TOKEN_IN
TOKEN_LET
TOKEN_IDENTIFIER: _
TOKEN_EQ
TOKEN_PRINT
TOKEN_STRING: Do you want to add another student?
TOKEN_IN
TOKEN_LET
TOKEN_IDENTIFIER: pred
TOKEN_EQ
TOKEN_READSTRING
TOKEN_IN
TOKEN_LET
TOKEN_IDENTIFIER: fin
TOKEN_EQ
TOKEN_LPAREN
TOKEN_IF
TOKEN_LPAREN
TOKEN_IDENTIFIER: pred
TOKEN_EQ
TOKEN_STRING: y
TOKEN_RPAREN
TOKEN_OR
TOKEN_LPAREN
TOKEN_IDENTIFIER: pred
TOKEN_EQ
TOKEN_STRING: Y
TOKEN_RPAREN
TOKEN_THEN
TOKEN_LPAREN
TOKEN_IDENTIFIER: start
TOKEN_IDENTIFIER: v
TOKEN_IDENTIFIER: w
TOKEN_IDENTIFIER: all
TOKEN_RPAREN
TOKEN_ELSE
TOKEN_IDENTIFIER: all
TOKEN_RPAREN
TOKEN_IN
TOKEN_LPAREN
TOKEN_IDENTIFIER: printer
TOKEN_IDENTIFIER: fin
TOKEN_RPAREN
TOKEN_MINUS
TOKEN_MINUS
TOKEN_MINUS
TOKEN_FUN
TOKEN_IDENTIFIER: weight
TOKEN_WITH
TOKEN_IDENTIFIER: v
TOKEN_EQ
TOKEN_LET
TOKEN_IDENTIFIER: w
TOKEN_EQ
TOKEN_LPAREN
TOKEN_IDENTIFIER: read_nums
TOKEN_IDENTIFIER: v
TOKEN_STRING: Please enter a weight:
TOKEN_RPAREN
TOKEN_IN
TOKEN_LPAREN
TOKEN_IF
TOKEN_LPAREN
TOKEN_LPAREN
TOKEN_IDENTIFIER: accumalate
TOKEN_IDENTIFIER: w
TOKEN_RPAREN
TOKEN_NEQ
TOKEN_INT: 100
TOKEN_RPAREN
TOKEN_THEN
TOKEN_LET
TOKEN_IDENTIFIER: _
TOKEN_EQ
TOKEN_PRINT
TOKEN_STRING: Weights do not add up to 100
TOKEN_IN
TOKEN_INT: 0
TOKEN_ELSE
TOKEN_LPAREN
TOKEN_IDENTIFIER: start
TOKEN_IDENTIFIER: v
TOKEN_IDENTIFIER: w
TOKEN_NIL
TOKEN_RPAREN
TOKEN_RPAREN
TOKEN_IN
TOKEN_LET
TOKEN_IDENTIFIER: _
TOKEN_EQ
TOKEN_PRINT
TOKEN_STRING: Hello! Please enter the number of assignments.
TOKEN_IN
TOKEN_LET
TOKEN_IDENTIFIER: v
TOKEN_EQ
TOKEN_READINT
TOKEN_IN
TOKEN_FUN
TOKEN_IDENTIFIER: x
TOKEN_WITH
TOKEN_IDENTIFIER: v
TOKEN_EQ
TOKEN_LPAREN
TOKEN_IF
TOKEN_ISNIL
TOKEN_IDENTIFIER: v
TOKEN_THEN
TOKEN_PRINT
TOKEN_STRING: line 1 i v == null
TOKEN_ELSE
TOKEN_PRINT
TOKEN_STRING: line 1 v == null
TOKEN_RPAREN
TOKEN_IN
TOKEN_LET
TOKEN_IDENTIFIER: i
TOKEN_EQ
TOKEN_LPAREN
TOKEN_IDENTIFIER: x
TOKEN_INT: 2
TOKEN_RPAREN
TOKEN_IN
TOKEN_FUN
TOKEN_IDENTIFIER: greater
TOKEN_WITH
TOKEN_IDENTIFIER: g
TOKEN_EQ
TOKEN_IF
TOKEN_IDENTIFIER: g
TOKEN_EQ
TOKEN_INT: 2
TOKEN_THEN
TOKEN_LPAREN
TOKEN_IDENTIFIER: g
TOKEN_PLUS
TOKEN_INT: 2
TOKEN_RPAREN
TOKEN_ELSE
TOKEN_LPAREN
TOKEN_IDENTIFIER: g
TOKEN_MINUS
TOKEN_INT: 2
TOKEN_RPAREN
TOKEN_IN
TOKEN_MINUS
TOKEN_MINUS
TOKEN_MINUS
TOKEN_LET
TOKEN_IDENTIFIER: _
TOKEN_EQ
TOKEN_PRINT
TOKEN_IDENTIFIER: i
TOKEN_IN
TOKEN_LET
TOKEN_IDENTIFIER: i2
TOKEN_EQ
TOKEN_LPAREN
TOKEN_IDENTIFIER: x
TOKEN_INT: 0
TOKEN_RPAREN
TOKEN_IN
TOKEN_FUN
TOKEN_IDENTIFIER: x2
TOKEN_WITH
TOKEN_IDENTIFIER: v1
TOKEN_EQ
TOKEN_IF
TOKEN_IDENTIFIER: v1
TOKEN_NEQ
TOKEN_INT: 3
TOKEN_THEN
TOKEN_PRINT
TOKEN_STRING: 6 x2 <> 3
TOKEN_ELSE
TOKEN_PRINT
TOKEN_STRING: 6 x2 == 3
TOKEN_IN
TOKEN_LET
TOKEN_IDENTIFIER: _
TOKEN_EQ
TOKEN_PRINT
TOKEN_IDENTIFIER: i2
TOKEN_IN
TOKEN_LET
TOKEN_IDENTIFIER: i3
TOKEN_EQ
TOKEN_LPAREN
TOKEN_IDENTIFIER: x2
TOKEN_INT: 3
TOKEN_RPAREN
TOKEN_IN
TOKEN_LET
TOKEN_IDENTIFIER: _
TOKEN_EQ
TOKEN_PRINT
TOKEN_IDENTIFIER: i3
TOKEN_IN
TOKEN_LET
TOKEN_IDENTIFIER: la
TOKEN_EQ
TOKEN_LAMBDA
TOKEN_IDENTIFIER: x
TOKEN_DOT
TOKEN_LPAREN
TOKEN_IDENTIFIER: x
TOKEN_PLUS
TOKEN_INT: 2
TOKEN_RPAREN
TOKEN_IN
TOKEN_LET
TOKEN_IDENTIFIER: m
TOKEN_EQ
TOKEN_LPAREN
TOKEN_IDENTIFIER: la
TOKEN_INT: 45
TOKEN_RPAREN
TOKEN_MINUS
TOKEN_MINUS
TOKEN_MINUS
TOKEN_FUN
TOKEN_IDENTIFIER: read
TOKEN_WITH
TOKEN_IDENTIFIER: t
TOKEN_EQ
TOKEN_LPAREN
TOKEN_LET
TOKEN_IDENTIFIER: _
TOKEN_EQ
TOKEN_PRINT
TOKEN_STRING: enter string
TOKEN_IN
TOKEN_LET
TOKEN_IDENTIFIER: x
TOKEN_EQ
TOKEN_READSTRING
TOKEN_IN
TOKEN_IF
TOKEN_ISNIL
TOKEN_IDENTIFIER: x
TOKEN_THEN
TOKEN_NIL
TOKEN_ELSE
TOKEN_PRINT
TOKEN_IDENTIFIER: x
TOKEN_RPAREN
TOKEN_IN
TOKEN_FUN
TOKEN_IDENTIFIER: readi
TOKEN_WITH
TOKEN_IDENTIFIER: t2
TOKEN_EQ
TOKEN_LPAREN
TOKEN_LET
TOKEN_IDENTIFIER: _
TOKEN_EQ
TOKEN_PRINT
TOKEN_STRING: enter num
TOKEN_IN
TOKEN_LET
TOKEN_IDENTIFIER: x
TOKEN_EQ
TOKEN_READINT
TOKEN_IN
TOKEN_IF
TOKEN_IDENTIFIER: x
TOKEN_GT
TOKEN_INT: 5
TOKEN_THEN
TOKEN_INT: 100
TOKEN_ELSE
TOKEN_MINUS
TOKEN_INT: 2
TOKEN_RPAREN
TOKEN_IN
TOKEN_LET
TOKEN_IDENTIFIER: tester
TOKEN_EQ
TOKEN_LPAREN
TOKEN_IDENTIFIER: read
TOKEN_INT: 9
TOKEN_RPAREN
TOKEN_IN
TOKEN_LET
TOKEN_IDENTIFIER: tester2
TOKEN_EQ
TOKEN_LPAREN
TOKEN_IDENTIFIER: readi
TOKEN_INT: 2
TOKEN_RPAREN
TOKEN_IN
TOKEN_LET
TOKEN_IDENTIFIER: _
TOKEN_EQ
TOKEN_PRINT
TOKEN_IDENTIFIER: tester
TOKEN_IN
TOKEN_LET
TOKEN_IDENTIFIER: _
TOKEN_EQ
TOKEN_PRINT
TOKEN_IDENTIFIER: tester2
TOKEN_IN
TOKEN_INT: 0
TOKEN_LPAREN
TOKEN_IF
TOKEN_IDENTIFIER: v
TOKEN_LEQ
TOKEN_INT: 0
TOKEN_THEN
TOKEN_LET
TOKEN_IDENTIFIER: _
TOKEN_EQ
TOKEN_PRINT
TOKEN_STRING: Input out of range
TOKEN_IN
TOKEN_INT: 0
TOKEN_ELSE
TOKEN_LPAREN
TOKEN_IDENTIFIER: weight
TOKEN_IDENTIFIER: v
TOKEN_RPAREN
TOKEN_RPAREN
TOKEN_MINUS
TOKEN_MINUS
TOKEN_MINUS
TOKEN_PRINT
TOKEN_STRING: string line 1


        line 2


        line3
    
TOKEN_IN
TOKEN_IN
TOKEN_PRINT
TOKEN_STRING: erro 2
TOKEN_IN
TOKEN_PRINT
TOKEN_STRING: end  
TOKEN_LET
TOKEN_INT: 12
TOKEN_IDENTIFIER: _mufasa
TOKEN_EQ
TOKEN_PRINT
TOKEN_STRING: mufasa variable
TOKEN_MINUS
TOKEN_MINUS
TOKEN_MINUS
TOKEN_STRING: hello
TOKEN_PLUS
TOKEN_EQ
TOKEN_INT: 2
TOKEN_IDENTIFIER: really
TOKEN_EQ
TOKEN_INT: 3
TOKEN_GEQ
TOKEN_INT: 4
TOKEN_IF
TOKEN_INT: 4
TOKEN_TIMES
TOKEN_INT: 2
TOKEN_EQ
TOKEN_INT: 0
TOKEN_THEN
TOKEN_PRINT
TOKEN_STRING: equal operator
TOKEN_ELSE
TOKEN_LPAREN
TOKEN_LPAREN
TOKEN_LPAREN
TOKEN_LPAREN
TOKEN_LPAREN
TOKEN_LPAREN
TOKEN_LPAREN
TOKEN_LPAREN
TOKEN_LPAREN
TOKEN_LPAREN
TOKEN_LPAREN
TOKEN_LPAREN
TOKEN_LPAREN
TOKEN_LPAREN
TOKEN_LPAREN
TOKEN_LPAREN
TOKEN_LPAREN
TOKEN_LPAREN
TOKEN_LPAREN
TOKEN_PRINT
TOKEN_STRING: = not working
TOKEN_IF
TOKEN_INT: 2
TOKEN_TIMES
TOKEN_INT: 3
TOKEN_PLUS
TOKEN_INT: 1
TOKEN_LT
TOKEN_INT: 0
TOKEN_IF
TOKEN_INT: 4
TOKEN_PLUS
TOKEN_INT: 2
TOKEN_LEQ
TOKEN_INT: 100
TOKEN_LAMBDA
TOKEN_IDENTIFIER: x
TOKEN_DOT
TOKEN_LAMBDA
TOKEN_IDENTIFIER: y
TOKEN_DOT
TOKEN_LPAREN
TOKEN_INT: 35
TOKEN_PLUS
TOKEN_INT: 8
TOKEN_NEQ
TOKEN_INT: 23
TOKEN_RPAREN
TOKEN_LPAREN
TOKEN_LET
TOKEN_IDENTIFIER: _
TOKEN_EQ
TOKEN_LAMBDA
TOKEN_IDENTIFIER: y
TOKEN_DOT
TOKEN_LAMBDA
TOKEN_IDENTIFIER: n
TOKEN_DOT
TOKEN_LPAREN
TOKEN_IDENTIFIER: y
TOKEN_IDENTIFIER: y
TOKEN_RPAREN
TOKEN_RPAREN
TOKEN_IN
TOKEN_LPAREN
TOKEN_IDENTIFIER: _
TOKEN_INT: 100
TOKEN_RPAREN
TOKEN_INT: 3
TOKEN_GT
TOKEN_INT: 0
TOKEN_PRINT
TOKEN_STRING: string line 1


        line 2


        line3
    
TOKEN_IN
TOKEN_TIMES
TOKEN_IDENTIFIER: line
TOKEN_TIMES
TOKEN_RPAREN
TOKEN_IN
TOKEN_PRINT
TOKEN_STRING: erro 2
TOKEN_IN
TOKEN_PRINT
TOKEN_STRING: end  
TOKEN_MINUS
TOKEN_MINUS
TOKEN_MINUS
TOKEN_LET
TOKEN_INT: 12
TOKEN_IDENTIFIER: _mufasa
TOKEN_EQ
TOKEN_PRINT
TOKEN_STRING: mufasa variable
TOKEN_LET
TOKEN_IDENTIFIER: m
TOKEN_EQ
TOKEN_IDENTIFIER: READINT_2
TOKEN_STRING: \t Tab 1 2 3 in y
TOKEN_LET
TOKEN_INT: 123
TOKEN_IDENTIFIER: indentity
TOKEN_WITH
TOKEN_INT: 123
TOKEN_EQ
TOKEN_STRING: Y COMBINATOR
TOKEN_RPAREN
TOKEN_MINUS
TOKEN_MINUS
TOKEN_MINUS
TOKEN_LET
TOKEN_FUN
TOKEN_WITH
TOKEN_IDENTIFIER: hello
TOKEN_EQ
TOKEN_IF
TOKEN_INT: 123345
TOKEN_NEQ
TOKEN_INT: 5
TOKEN_THEN
TOKEN_LPAREN
TOKEN_IF
TOKEN_FUN
TOKEN_EQ
TOKEN_INT: 2
TOKEN_AND
TOKEN_HD
TOKEN_ISNIL
TOKEN_FUN
TOKEN_THEN
TOKEN_PRINT
TOKEN_IDENTIFIER: hello
TOKEN_ELSE
TOKEN_LPAREN
TOKEN_FUN
TOKEN_INT: 2
TOKEN_RPAREN
TOKEN_RPAREN
TOKEN_LET
TOKEN_IDENTIFIER: m
TOKEN_EQ
TOKEN_IF
TOKEN_ISNIL
TOKEN_THEN
TOKEN_IDENTIFIER: open
TOKEN_IDENTIFIER: comment
At line 165: Lexing Error
